 test-ctx  https://test.example  db-creds...PASSWORD (edit)
Save key DB_PASSWORD to Secret default/db-creds
context test-ctx - server https://test.example
[incomplete] consumed by 2 workloads ... - pods not listable
-- wrap off ------------------------------------------------
  --- DB_PASSWORD (cluster)
  +++ DB_PASSWORD (edited)
  @@ -1 +1 @@
  -old
  \ No newline at end of file
  +new
  \ No newline at end of file











Y save  e re-edit  up/down scroll  w wrap  esc abort