    ╭──────────────────────────────────────────────────────────────────────╮
    │                                                                      │
    │  /home/user/.config/sk64/config                                      │
    │                                                                      │
    │  ...and 8 more                                                       │
    │                                                                      │
    │  fix the file and start sk64 again                                   │
    │                                                                      │
    ╰──────────────────────────────────────────────────────────────────────╯

esc quit