 test-ctx  https://test.example  namespaces > default              large-secret
[S] Secret default/large-secret  Opaque  [immutable]
immutable resource - Kubernetes forbids editing its data; delete and recreate
  4 keys
> binary     3 B      [binary]
  kilobytes  4.1 KiB  [binary]
  megabytes  1.2 MiB  [binary]
  small      5 B















enter view  x export  r consumers  v values  / filter  esc back  ? help