 test-ctx  https://test.example                                      namespaces







     +--------------------------------------------------------------------+
     |                                                                    |
     |  Link Deployment production/web to project api                     |
     |                                                                    |
     |  linked Deployment production/web to project api                   |
     |                                                                    |
     +--------------------------------------------------------------------+








enter close