 test-ctx  https://test.example                                      namespaces








     +--------------------------------------------------------------------+
     |                                                                    |
     |  [unknown] project database unavailable - esc to close             |
     |                                                                    |
     +--------------------------------------------------------------------+









esc close