 test-ctx  https://test.example  db-creds...PASSWORD (edit)
  +------------------------------------------------------+
  |                                                      |
  |  Saved: restart affected workloads?  1/1 selected    |
  |  --------------------------------------------------  |
  |                                                      |
  |  restart Secret default/db-creds - key DB_PASSWORD   |
  |  context test-ctx - server https://test.example      |
  |                                                      |
  |  ! consumer check incomplete: pods not listable      |
  |                                                      |
  |  > [x] Deployment/web                                |
  |                                                      |
  +------------------------------------------------------+
space toggle  a all  R restart selected  esc skip