 test-ctx  https://test.example  namespaces > api                          scan
suggestions for api
kustomize not on PATH - kustomizations parsed literally
  filter "config" - 1 of 4
> [C] app-config-*  production  [found]: app-config-abc123


















enter link  / filter  esc cancel  ? help